[landlord.ua/wp-content/page/toyota/index.html]
[backblue.gif]
[fade.gif]
[index.html]
[landlord.ua/wp-includes/css/dist/block-library/style.min.css]
[landlord.ua/wp-content/plugins/landlord_quiz/css/wpProQuiz_front.min.css]
[landlord.ua/wp-content/themes/landlord/includes/vendor/bootstrap/css/bootstrap.css]
[landlord.ua/wp-content/themes/landlord/includes/vendor/morris/morris.css]
[landlord.ua/wp-content/themes/landlord/includes/vendor/datepicker/dist/css/bootstrap-datepicker.css]
[maxcdn.bootstrapcdn.com/font-awesome/4.1.0/css/font-awesome.min.css]
[landlord.ua/wp-content/themes/landlord/includes/css/style.css]
[landlord.ua/wp-content/themes/landlord/includes/css/pasha_style.css]
[landlord.ua/wp-content/themes/landlord/includes/css/adaptive.css]
[landlord.ua/wp-content/themes/landlord/includes/css/pasha_adaptive.css]
[www.advantage-cars.cz/public/front/css/style846c.css]
[landlord.ua/wp-content/page/toyota/css/ui.totop.css]
[landlord.ua/wp-content/page/toyota/libs/animate.min.css]
[landlord.ua/wp-content/page/toyota/css/fonts.css]
[landlord.ua/wp-content/page/toyota/css/main.css]
[landlord.ua/wp-content/page/toyota/css/main-1412.css]
[landlord.ua/wp-content/page/toyota/libs/slick/slick.css]
[landlord.ua/wp-content/page/toyota/libs/slick/slick-theme.css]
[landlord.ua/wp-content/page/toyota/libs/unsemantic-grid/unsemantic-grid-responsive-tablet.css]
[landlord.ua/wp-content/page/toyota/js/jquery-2.2.4.min846c.js]
[landlord.ua/wp-content/page/toyota/js/nette.ajax.js]
[landlord.ua/wp-content/page/toyota/js/modernizr.min846c.js]
[landlord.ua/wp-content/page/toyota/img/WO030303.jpg]
[landlord.ua/wp-content/page/toyota/img/toyota-proace-verso-2016-exterior-tme-010-a-full_tcm-3022-697794.jpg]
[landlord.ua/wp-content/page/toyota/img/IMG_0132.jpg]
[landlord.ua/wp-content/page/toyota/img/our-story-1.jpg]
[landlord.ua/wp-content/page/toyota/img/our-story-2.jpg]
[landlord.ua/wp-content/page/toyota/img/IMG_0144.jpg]
[landlord.ua/wp-content/page/toyota/img/IMG_0190.jpg]
[landlord.ua/wp-content/page/toyota/img/IMG_0057.jpg]
[landlord.ua/wp-content/page/toyota/img/IMG_0091.jpg]
[landlord.ua/wp-content/page/toyota/img/IMG_0138.jpg]
[landlord.ua/wp-content/page/toyota/img/WO030204.jpg]
[landlord.ua/wp-content/page/toyota/img/WO030220.jpg]
[landlord.ua/wp-content/page/toyota/img/WO030297.jpg]
[landlord.ua/wp-content/page/toyota/img/IMG_0056.jpg]
[landlord.ua/wp-content/page/toyota/img/WO030138.jpg]
[landlord.ua/wp-content/page/toyota/img/IMG_0026.jpg]
[landlord.ua/wp-content/page/toyota/img/IMG_0040.jpg]
[landlord.ua/wp-content/page/toyota/img/IMG_0082.jpg]
[landlord.ua/wp-content/page/toyota/img/IMG_0003.jpg]
[landlord.ua/wp-content/page/toyota/img/IMG_0063.jpg]
[landlord.ua/wp-content/page/toyota/img/IMG_0094.jpg]
[landlord.ua/wp-content/page/toyota/img/IMG_0114.jpg]
[landlord.ua/wp-content/page/toyota/img/IMG_0036.jpg]
[landlord.ua/wp-content/page/toyota/img/IMG_0059.jpg]
[landlord.ua/wp-content/page/toyota/libs/wow.min.js]
[landlord.ua/wp-content/page/toyota/js/main.js]
[landlord.ua/wp-content/page/toyota/js/easing.js]
[landlord.ua/wp-content/page/toyota/js/jquery.ui.totop.js]
[landlord.ua/wp-content/page/toyota/js/jquery.paroller.min.js]
[landlord.ua/wp-content/page/toyota/libs/slick/slick.js]
[landlord.ua/wp-content/page/toyota/js/polyfill.min8d30.js]
[landlord.ua/wp-content/page/toyota/index.html]
[www.googletagmanager.com/gtm5445.html]
[landlord.ua/wp-includes/css/dist/block-library/style.min.css]
[landlord.ua/wp-content/page/toyota/js/app846c.js]
[landlord.ua/wp-content/plugins/landlord_quiz/img/bgrnd.jpg]
[landlord.ua/wp-content/plugins/landlord_quiz/img/white_bgrnd.png]
[landlord.ua/wp-content/plugins/landlord_quiz/css/wpProQuiz_front.min.css]
[landlord.ua/wp-content/themes/landlord/includes/vendor/bootstrap/css/bootstrap.css]
[landlord.ua/wp-content/themes/landlord/includes/vendor/morris/morris.css]
[landlord.ua/wp-content/themes/landlord/includes/vendor/datepicker/dist/css/bootstrap-datepicker.css]
[maxcdn.bootstrapcdn.com/font-awesome/4.1.0/css/font-awesome.min.css]
[landlord.ua/wp-content/themes/landlord/includes/css/fonts/iJWKBXyIfDnIV7nFrXyi0A.woff2]
[landlord.ua/wp-content/themes/landlord/includes/css/fonts/iJWKBXyIfDnIV7nDrXyi0A.woff2]
[landlord.ua/wp-content/themes/landlord/includes/css/fonts/iJWKBXyIfDnIV7nPrXyi0A.woff2]
[landlord.ua/wp-content/themes/landlord/includes/css/fonts/iJWKBXyIfDnIV7nBrXw.woff2]
[landlord.ua/wp-content/themes/landlord/includes/images/calendar_bgrnd.jpg]
[landlord.ua/wp-content/themes/landlord/includes/images/video-arrow-left.png]
[landlord.ua/wp-content/themes/landlord/includes/images/video-arrow.png]
[landlord.ua/wp-content/themes/landlord/includes/css/style.css]
[landlord.ua/wp-content/themes/landlord/includes/css/pasha_style.css]
[landlord.ua/wp-content/themes/landlord/includes/css/adaptive.css]
[landlord.ua/wp-content/themes/landlord/includes/css/pasha_adaptive.css]
[www.advantage-cars.cz/public/front/img/bg/li.png]
[www.advantage-cars.cz/public/front/img/bg/overlay-img1.png]
[www.advantage-cars.cz/public/front/img/bg/overlay-img2.png]
[www.advantage-cars.cz/public/front/img/bg/overlay-img3.png]
[www.advantage-cars.cz/public/front/img/bg/overlay-img4.png]
[www.advantage-cars.cz/public/front/img/bg/noise.png]
[www.advantage-cars.cz/public/front/img/bg/overlay.png]
[www.advantage-cars.cz/public/front/img/bg/b-car-tab1.jpg]
[www.advantage-cars.cz/public/front/img/bg/b-car-tab2.jpg]
[www.advantage-cars.cz/public/front/img/bg/b-car-tab3.jpg]
[www.advantage-cars.cz/public/front/img/bg/b-car-tab4.jpg]
[www.advantage-cars.cz/public/front/img/bg/b-car-tab5.jpg]
[www.advantage-cars.cz/public/front/img/bg/b-car-tab6.jpg]
[www.advantage-cars.cz/public/front/img/bg/b-car-tab7.jpg]
[www.advantage-cars.cz/public/front/img/bg/contact-map.png]
[www.advantage-cars.cz/public/front/img/bg/flash.jpg]
[www.advantage-cars.cz/public/front/img/bg/b-footer.jpg]
[www.advantage-cars.cz/public/front/img/bg/showroom-pattern.png]
[www.advantage-cars.cz/public/front/img/bg/sprites-retinafc09.png]
[www.advantage-cars.cz/public/front/img/bg/overlay-video.png]
[www.advantage-cars.cz/public/front/img/bg/c-category--exterier.jpg]
[www.advantage-cars.cz/public/front/img/bg/c-category--interier.jpg]
[www.advantage-cars.cz/public/front/css/style846c.css]
[landlord.ua/wp-content/page/toyota/img/ui.totop.png]
[landlord.ua/wp-content/page/toyota/css/ui.totop.css]
[landlord.ua/wp-content/page/toyota/libs/animate.min.css]
[landlord.ua/wp-content/page/toyota/fonts/fontawesome-webfont3e6e.eot]
[landlord.ua/wp-content/page/toyota/fonts/fontawesome-webfontd41d.eot]
[landlord.ua/wp-content/page/toyota/fonts/fontawesome-webfont3e6e.woff2]
[landlord.ua/wp-content/page/toyota/fonts/fontawesome-webfont3e6e.woff]
[landlord.ua/wp-content/page/toyota/fonts/fontawesome-webfont3e6e.ttf]
[landlord.ua/wp-content/page/toyota/fonts/Geometria-Medium.eot]
[landlord.ua/wp-content/page/toyota/fonts/Geometria-Mediumd41d.eot]
[landlord.ua/wp-content/page/toyota/fonts/Geometria-Medium.woff]
[landlord.ua/wp-content/page/toyota/fonts/Geometria-Medium.ttf]
[landlord.ua/wp-content/page/toyota/fonts/Geometria-ExtraBold.eot]
[landlord.ua/wp-content/page/toyota/fonts/Geometria-ExtraBoldd41d.eot]
[landlord.ua/wp-content/page/toyota/fonts/Geometria-ExtraBold.woff]
[landlord.ua/wp-content/page/toyota/fonts/Geometria-ExtraBold.ttf]
[landlord.ua/wp-content/page/toyota/fonts/Geometria-Bold.eot]
[landlord.ua/wp-content/page/toyota/fonts/Geometria-Boldd41d.eot]
[landlord.ua/wp-content/page/toyota/fonts/Geometria-Bold.woff]
[landlord.ua/wp-content/page/toyota/fonts/Geometria-Bold.ttf]
[landlord.ua/wp-content/page/toyota/fonts/Geometria.eot]
[landlord.ua/wp-content/page/toyota/fonts/Geometriad41d.eot]
[landlord.ua/wp-content/page/toyota/fonts/Geometria.woff]
[landlord.ua/wp-content/page/toyota/fonts/Geometria.ttf]
[landlord.ua/wp-content/page/toyota/fonts/Geometria-ExtraLight.eot]
[landlord.ua/wp-content/page/toyota/fonts/Geometria-ExtraLightd41d.eot]
[landlord.ua/wp-content/page/toyota/fonts/Geometria-ExtraLight.woff]
[landlord.ua/wp-content/page/toyota/fonts/Geometria-ExtraLight.ttf]
[landlord.ua/wp-content/page/toyota/fonts/Geometria-Light.eot]
[landlord.ua/wp-content/page/toyota/fonts/Geometria-Lightd41d.eot]
[landlord.ua/wp-content/page/toyota/fonts/Geometria-Light.woff]
[landlord.ua/wp-content/page/toyota/fonts/Geometria-Light.ttf]
[landlord.ua/wp-content/page/toyota/fonts/Geometria-Heavy.eot]
[landlord.ua/wp-content/page/toyota/fonts/Geometria-Heavyd41d.eot]
[landlord.ua/wp-content/page/toyota/fonts/Geometria-Heavy.woff]
[landlord.ua/wp-content/page/toyota/fonts/Geometria-Heavy.ttf]
[landlord.ua/wp-content/page/toyota/css/fonts.css]
[landlord.ua/wp-content/page/toyota/img/points.png]
[landlord.ua/wp-content/page/toyota/img/car.png]
[landlord.ua/wp-content/page/toyota/img/toyota_symbol.png]
[landlord.ua/wp-content/page/toyota/img/separator-line.png]
[landlord.ua/wp-content/page/toyota/img/uk.svg]
[landlord.ua/wp-content/page/toyota/css/main.css]
[landlord.ua/wp-content/page/toyota/css/main-1412.css]
[landlord.ua/wp-content/page/toyota/libs/slick/slick.css]
[landlord.ua/wp-content/page/toyota/libs/slick/ajax-loader.gif]
[landlord.ua/wp-content/page/toyota/libs/slick/fonts/slick.eot]
[landlord.ua/wp-content/page/toyota/libs/slick/fonts/slickd41d.eot]
[landlord.ua/wp-content/page/toyota/libs/slick/fonts/slick.woff]
[landlord.ua/wp-content/page/toyota/libs/slick/fonts/slick.ttf]
[landlord.ua/wp-content/page/toyota/libs/slick/slick-theme.css]
[landlord.ua/wp-content/page/toyota/libs/unsemantic-grid/unsemantic-grid-responsive-tablet.css]
[landlord.ua/wp-content/themes/landlord/includes/images/video-arrow-left.html]
[landlord.ua/wp-content/themes/landlord/includes/images/video-arrow.html]
[landlord.ua/wp-content/page/toyota/fonts/fontawesome-webfont3e6e.svg]
[landlord.ua/wp-content/page/toyota/img/kav.svg]
[landlord.ua/wp-content/page/toyota/img/separator-line.html]
[landlord.ua/wp-content/page/toyota/img/uk.html]
[landlord.ua/wp-content/page/toyota/libs/slick/fonts/slick.svg]
